[0.075s] DEBUG:colcon:Command line arguments: ['/usr/bin/colcon', 'list', '-p', '--base-paths', '/home/shanti/ros2_gps_ws/src/gps_localization/gps_localization', '--log-base', '/dev/null']
[0.075s] DEBUG:colcon:Parsed command line arguments: Namespace(log_base=None, log_level=None, verb_name='list', build_base='build', ignore_user_meta=False, metas=['./colcon.meta'], base_paths=['/home/shanti/ros2_gps_ws/src/gps_localization/gps_localization', '--log-base', '/dev/null'], packages_ignore=None, packages_ignore_regex=None, paths=None, packages_up_to=None, packages_up_to_regex=None, packages_above=None, packages_above_and_dependencies=None, packages_above_depth=None, packages_select_by_dep=None, packages_skip_by_dep=None, packages_skip_up_to=None, packages_select_build_failed=False, packages_skip_build_finished=False, packages_select_test_failures=False, packages_skip_test_passed=False, packages_select=None, packages_skip=None, packages_select_regex=None, packages_skip_regex=None, packages_start=None, packages_end=None, allow_overriding=[], topological_order=False, names_only=False, paths_only=True, topological_graph=False, topological_graph_dot=False, topological_graph_density=False, topological_graph_legend=False, topological_graph_dot_cluster=False, topological_graph_dot_include_skipped=False, mixin_files=None, mixin=None, verb_parser=<colcon_mixin.mixin.mixin_argument.MixinArgumentDecorator object at 0x7f1a8a098cb0>, verb_extension=<colcon_package_information.verb.list.ListVerb object at 0x7f1a8a191c10>, main=<bound method ListVerb.main of <colcon_package_information.verb.list.ListVerb object at 0x7f1a8a191c10>>, mixin_verb=('list',))
[0.105s] Level 1:colcon.colcon_core.package_discovery:discover_packages(colcon_meta) check parameters
[0.105s] Level 1:colcon.colcon_core.package_discovery:discover_packages(recursive) check parameters
[0.105s] Level 1:colcon.colcon_core.package_discovery:discover_packages(ignore) check parameters
[0.105s] Level 1:colcon.colcon_core.package_discovery:discover_packages(path) check parameters
[0.105s] Level 1:colcon.colcon_core.package_discovery:discover_packages(recursive) discover
[0.105s] INFO:colcon.colcon_core.package_discovery:Crawling recursively for packages in '/home/shanti/ros2_gps_ws/src/gps_localization/gps_localization', '/home/shanti/ros2_gps_ws/src/gps_localization/gps_localization/--log-base', '/dev/null'
[0.105s] Level 1:colcon.colcon_core.package_identification:_identify(/home/shanti/ros2_gps_ws/src/gps_localization/gps_localization) by extensions ['ignore', 'ignore_ament_install']
[0.105s] Level 1:colcon.colcon_core.package_identification:_identify(/home/shanti/ros2_gps_ws/src/gps_localization/gps_localization) by extension 'ignore'
[0.105s] Level 1:colcon.colcon_core.package_identification:_identify(/home/shanti/ros2_gps_ws/src/gps_localization/gps_localization) by extension 'ignore_ament_install'
[0.105s] Level 1:colcon.colcon_core.package_identification:_identify(/home/shanti/ros2_gps_ws/src/gps_localization/gps_localization) by extensions ['colcon_pkg']
[0.105s] Level 1:colcon.colcon_core.package_identification:_identify(/home/shanti/ros2_gps_ws/src/gps_localization/gps_localization) by extension 'colcon_pkg'
[0.105s] Level 1:colcon.colcon_core.package_identification:_identify(/home/shanti/ros2_gps_ws/src/gps_localization/gps_localization) by extensions ['colcon_meta']
[0.105s] Level 1:colcon.colcon_core.package_identification:_identify(/home/shanti/ros2_gps_ws/src/gps_localization/gps_localization) by extension 'colcon_meta'
[0.105s] Level 1:colcon.colcon_core.package_identification:_identify(/home/shanti/ros2_gps_ws/src/gps_localization/gps_localization) by extensions ['ros']
[0.105s] Level 1:colcon.colcon_core.package_identification:_identify(/home/shanti/ros2_gps_ws/src/gps_localization/gps_localization) by extension 'ros'
[0.128s] Level 1:colcon.colcon_core.package_identification:_identify(/home/shanti/ros2_gps_ws/src/gps_localization/gps_localization) by extensions ['cmake', 'python']
[0.128s] Level 1:colcon.colcon_core.package_identification:_identify(/home/shanti/ros2_gps_ws/src/gps_localization/gps_localization) by extension 'cmake'
[0.128s] Level 1:colcon.colcon_core.package_identification:_identify(/home/shanti/ros2_gps_ws/src/gps_localization/gps_localization) by extension 'python'
[0.128s] Level 1:colcon.colcon_core.package_identification:_identify(/home/shanti/ros2_gps_ws/src/gps_localization/gps_localization) by extensions ['python_setup_py']
[0.128s] Level 1:colcon.colcon_core.package_identification:_identify(/home/shanti/ros2_gps_ws/src/gps_localization/gps_localization) by extension 'python_setup_py'
[0.128s] Level 1:colcon.colcon_core.package_identification:_identify(/home/shanti/ros2_gps_ws/src/gps_localization/gps_localization/__pycache__) by extensions ['ignore', 'ignore_ament_install']
[0.128s] Level 1:colcon.colcon_core.package_identification:_identify(/home/shanti/ros2_gps_ws/src/gps_localization/gps_localization/__pycache__) by extension 'ignore'
[0.128s] Level 1:colcon.colcon_core.package_identification:_identify(/home/shanti/ros2_gps_ws/src/gps_localization/gps_localization/__pycache__) by extension 'ignore_ament_install'
[0.128s] Level 1:colcon.colcon_core.package_identification:_identify(/home/shanti/ros2_gps_ws/src/gps_localization/gps_localization/__pycache__) by extensions ['colcon_pkg']
[0.128s] Level 1:colcon.colcon_core.package_identification:_identify(/home/shanti/ros2_gps_ws/src/gps_localization/gps_localization/__pycache__) by extension 'colcon_pkg'
[0.128s] Level 1:colcon.colcon_core.package_identification:_identify(/home/shanti/ros2_gps_ws/src/gps_localization/gps_localization/__pycache__) by extensions ['colcon_meta']
[0.128s] Level 1:colcon.colcon_core.package_identification:_identify(/home/shanti/ros2_gps_ws/src/gps_localization/gps_localization/__pycache__) by extension 'colcon_meta'
[0.128s] Level 1:colcon.colcon_core.package_identification:_identify(/home/shanti/ros2_gps_ws/src/gps_localization/gps_localization/__pycache__) by extensions ['ros']
[0.128s] Level 1:colcon.colcon_core.package_identification:_identify(/home/shanti/ros2_gps_ws/src/gps_localization/gps_localization/__pycache__) by extension 'ros'
[0.128s] Level 1:colcon.colcon_core.package_identification:_identify(/home/shanti/ros2_gps_ws/src/gps_localization/gps_localization/__pycache__) by extensions ['cmake', 'python']
[0.128s] Level 1:colcon.colcon_core.package_identification:_identify(/home/shanti/ros2_gps_ws/src/gps_localization/gps_localization/__pycache__) by extension 'cmake'
[0.128s] Level 1:colcon.colcon_core.package_identification:_identify(/home/shanti/ros2_gps_ws/src/gps_localization/gps_localization/__pycache__) by extension 'python'
[0.128s] Level 1:colcon.colcon_core.package_identification:_identify(/home/shanti/ros2_gps_ws/src/gps_localization/gps_localization/__pycache__) by extensions ['python_setup_py']
[0.128s] Level 1:colcon.colcon_core.package_identification:_identify(/home/shanti/ros2_gps_ws/src/gps_localization/gps_localization/__pycache__) by extension 'python_setup_py'
[0.128s] Level 1:colcon.colcon_core.package_identification:_identify(/home/shanti/ros2_gps_ws/src/gps_localization/gps_localization/build) by extensions ['ignore', 'ignore_ament_install']
[0.128s] Level 1:colcon.colcon_core.package_identification:_identify(/home/shanti/ros2_gps_ws/src/gps_localization/gps_localization/build) by extension 'ignore'
[0.128s] Level 1:colcon.colcon_core.package_identification:_identify(/home/shanti/ros2_gps_ws/src/gps_localization/gps_localization/build) ignored
[0.129s] Level 1:colcon.colcon_core.package_identification:_identify(/home/shanti/ros2_gps_ws/src/gps_localization/gps_localization/install) by extensions ['ignore', 'ignore_ament_install']
[0.129s] Level 1:colcon.colcon_core.package_identification:_identify(/home/shanti/ros2_gps_ws/src/gps_localization/gps_localization/install) by extension 'ignore'
[0.129s] Level 1:colcon.colcon_core.package_identification:_identify(/home/shanti/ros2_gps_ws/src/gps_localization/gps_localization/install) ignored
[0.129s] Level 1:colcon.colcon_core.package_identification:_identify(/home/shanti/ros2_gps_ws/src/gps_localization/gps_localization/log) by extensions ['ignore', 'ignore_ament_install']
[0.129s] Level 1:colcon.colcon_core.package_identification:_identify(/home/shanti/ros2_gps_ws/src/gps_localization/gps_localization/log) by extension 'ignore'
[0.129s] Level 1:colcon.colcon_core.package_identification:_identify(/home/shanti/ros2_gps_ws/src/gps_localization/gps_localization/log) ignored
[0.129s] Level 1:colcon.colcon_core.package_discovery:discover_packages(recursive) using defaults
