/home/shanti/ros2_gps_ws/install/gps_localization/lib/python3.12/site-packages/gps_localization/camera_detect.py
/home/shanti/ros2_gps_ws/install/gps_localization/lib/python3.12/site-packages/gps_localization/robot_frame_node.py
/home/shanti/ros2_gps_ws/install/gps_localization/lib/python3.12/site-packages/gps_localization/__init__.py
/home/shanti/ros2_gps_ws/install/gps_localization/lib/python3.12/site-packages/gps_localization/gps_hardware_node.py
/home/shanti/ros2_gps_ws/install/gps_localization/lib/python3.12/site-packages/gps_localization/waypoint_navigator_node.py
/home/shanti/ros2_gps_ws/install/gps_localization/lib/python3.12/site-packages/gps_localization/apriltag_gps_bridge.py
/home/shanti/ros2_gps_ws/install/gps_localization/lib/python3.12/site-packages/gps_localization/world_gps_node.py
/home/shanti/ros2_gps_ws/install/gps_localization/lib/python3.12/site-packages/gps_localization/camera_test.py
/home/shanti/ros2_gps_ws/install/gps_localization/lib/python3.12/site-packages/gps_localization/__pycache__/camera_detect.cpython-312.pyc
/home/shanti/ros2_gps_ws/install/gps_localization/lib/python3.12/site-packages/gps_localization/__pycache__/robot_frame_node.cpython-312.pyc
/home/shanti/ros2_gps_ws/install/gps_localization/lib/python3.12/site-packages/gps_localization/__pycache__/__init__.cpython-312.pyc
/home/shanti/ros2_gps_ws/install/gps_localization/lib/python3.12/site-packages/gps_localization/__pycache__/gps_hardware_node.cpython-312.pyc
/home/shanti/ros2_gps_ws/install/gps_localization/lib/python3.12/site-packages/gps_localization/__pycache__/waypoint_navigator_node.cpython-312.pyc
/home/shanti/ros2_gps_ws/install/gps_localization/lib/python3.12/site-packages/gps_localization/__pycache__/apriltag_gps_bridge.cpython-312.pyc
/home/shanti/ros2_gps_ws/install/gps_localization/lib/python3.12/site-packages/gps_localization/__pycache__/world_gps_node.cpython-312.pyc
/home/shanti/ros2_gps_ws/install/gps_localization/lib/python3.12/site-packages/gps_localization/__pycache__/camera_test.cpython-312.pyc
/home/shanti/ros2_gps_ws/install/gps_localization/share/ament_index/resource_index/packages/gps_localization
/home/shanti/ros2_gps_ws/install/gps_localization/share/gps_localization/package.xml
/home/shanti/ros2_gps_ws/install/gps_localization/share/gps_localization/launch/gps_localization.launch.py
/home/shanti/ros2_gps_ws/install/gps_localization/share/gps_localization/config/gps_config.yaml
/home/shanti/ros2_gps_ws/install/gps_localization/lib/python3.12/site-packages/gps_localization-0.1.0-py3.12.egg-info/PKG-INFO
/home/shanti/ros2_gps_ws/install/gps_localization/lib/python3.12/site-packages/gps_localization-0.1.0-py3.12.egg-info/top_level.txt
/home/shanti/ros2_gps_ws/install/gps_localization/lib/python3.12/site-packages/gps_localization-0.1.0-py3.12.egg-info/SOURCES.txt
/home/shanti/ros2_gps_ws/install/gps_localization/lib/python3.12/site-packages/gps_localization-0.1.0-py3.12.egg-info/dependency_links.txt
/home/shanti/ros2_gps_ws/install/gps_localization/lib/python3.12/site-packages/gps_localization-0.1.0-py3.12.egg-info/entry_points.txt
/home/shanti/ros2_gps_ws/install/gps_localization/lib/python3.12/site-packages/gps_localization-0.1.0-py3.12.egg-info/zip-safe
/home/shanti/ros2_gps_ws/install/gps_localization/lib/python3.12/site-packages/gps_localization-0.1.0-py3.12.egg-info/requires.txt
/home/shanti/ros2_gps_ws/install/gps_localization/lib/gps_localization/apriltag_gps_bridge
/home/shanti/ros2_gps_ws/install/gps_localization/lib/gps_localization/gps_hardware_node
/home/shanti/ros2_gps_ws/install/gps_localization/lib/gps_localization/robot_frame_node
/home/shanti/ros2_gps_ws/install/gps_localization/lib/gps_localization/waypoint_navigator_node
/home/shanti/ros2_gps_ws/install/gps_localization/lib/gps_localization/world_gps_node
